AAPL      : ####
ASML      : !!!!!!!!!!!!!!!!!!!!!!!!!!!!!!!!!!!!!!!!!!!!!!!!!!!!!!!!!!!!
BHP       : !!!!!!!!!!!!!!!!!!!!!!!!!!!!!!!!!!!!!!!!!!!!!!!!!!!!!!!!!!!!!!!!!!!!!!!!!!!!!!!!!!!!!!!!!!!!!!!!!!!!!!!!!!!!!!!!
CVX       : ########
DIS       : ################
MSFT      : !!!!!
PFE       : !
TM        : !!!!!!!!!
WMT       : !!!!!!!!
