AAPL      :  126.15
ABBV      :  107.33
ABT       :  113.09
ACN       :  260.23
ADBE      :  438.83
AMZN      : 3239.24
ASML      :  533.94
AVGO      :  503.88
BABA      :  258.98
BAC       :   34.58
BHP       :   74.83
CMCSA     :   49.26
CRM       :  247.69
CSCO      :   47.31
CVX       :  107.29
DIS       :  210.47
FB        :  284.99
GOOG      : 2244.79
GOOGL     : 1991.99
HD        :  262.12
INTC      :   63.77
JNJ       :  151.30
JPM       :  142.19
KO        :   50.47
LLY       :  192.59
MA        :  354.20
MRK       :   73.53
MSFT      :  242.93
NFLX      :  563.55
NKE       :  128.15
NVDA      :  529.26
NVO       :   67.05
NVS       :   81.33
ORCL      :   67.78
PDD       :  190.80
PEP       :  125.01
PFE       :   32.22
PG        :  114.59
PYPL      :  281.90
SHOP      : 1318.47
TM        :  149.57
TMO       :  449.55
TSLA      :  704.22
TSM       :  133.54
UNH       :  301.76
V         :  223.17
VZ        :   55.29
WMT       :  126.31
XOM       :   57.99
